t_clusters.sql
f_cluster_add.sql
f_cluster_edit.sql
f_cluster_remove.sql
f_cluster_stop.sql
f_cluster_start.sql
t_snapshots.sql
t_snap_params.sql
t_baselines.sql
t_bl_snaps.sql
t_stmt_list.sql
t_snap_statements.sql
v_snap_statements.sql
t_snap_statements_total.sql
t_tables_list.sql
v_snap_stat_user_tables.sql
t_last_stat_user_tables.sql
t_indexes_list.sql
t_snap_stat_user_indexes.sql
v_snap_stat_user_indexes.sql
t_last_stat_user_indexes.sql
t_funcs_list.sql
t_snap_stat_user_functions.sql
v_snap_stat_user_functions.sql
t_snap_statio_user_tables.sql
v_snap_statio_user_tables.sql
t_last_stat_user_functions.sql
t_snap_statio_user_indexes.sql
v_snap_statio_user_indexes.sql
t_last_statio_user_indexes.sql
t_snap_stat_database.sql
t_last_stat_database.sql
t_snap_stat_cluster.sql
t_last_stat_cluster.sql
f_snapshot.sql
f_collect_obj_stats.sql
f_snapshot_dbobj_delta.sql
f_snapshot_show.sql
f_baseline.sql
f_dbstats_htbl.sql
f_statements_stats_htbl.sql
f_cluster_stats_htbl.sql
f_top_scan_tables_htbl.sql
f_top_dml_tables_htbl.sql
f_top_upd_vac_tables_htbl.sql
f_top_growth_tables_htbl.sql
f_top_growth_indexes_htbl.sql
f_tbl_top_dead_htbl.sql
f_tbl_top_mods_htbl.sql
f_ix_unused_htbl.sql
f_tbl_top_io_htbl.sql
f_ix_top_io_htbl.sql
f_func_top_time_htbl.sql
f_func_top_calls_htbl.sql
f_check_stmt_cnt.sql
f_top_elapsed_htbl.sql
f_top_exec_htbl.sql
f_top_iowait_htbl.sql
f_top_gets_htbl.sql
f_top_temp_htbl.sql
f_report_queries.sql
f_nodata_wrapper.sql
f_report.sql

